Release 14.7 Map P.20131013 (nt64)
Xilinx Map Application Log File for Design 'optohybrid_top'

Design Information
------------------
Command Line   : map -intstyle ise -p xc6vlx130t-ff1156-1 -w -logic_opt off -ol
high -t 1 -xt 0 -register_duplication off -r 4 -global_opt off -mt off -ir off
-pr off -lc off -power off -o optohybrid_top_map.ncd optohybrid_top.ngd
optohybrid_top.pcf 
Target Device  : xc6vlx130t
Target Package : ff1156
Target Speed   : -1
Mapper Version : virtex6 -- $Revision: 1.55 $
Mapped Date    : Tue Mar 24 11:59:04 2015

vvvvvvvvvvvvvvvvvvvvvvvvvvvvvvvvvvvvvvvvvvvvvvvvvvvvvvvvvvvvvvvvvvvvvv
INFO:Security:56 - Part 'xc6vlx130t' is not a WebPack part.
WARNING:Security:42 - Your software subscription period has lapsed. Your current
version of Xilinx tools will continue to function, but you no longer qualify for
Xilinx software updates or new releases.
----------------------------------------------------------------------
Mapping design into LUTs...
WARNING:MapLib:793 - Bi-directional network vfat2_sda_io<5> is driven by a
   constant.  This can result in a short.  This can be fixed by removing the
   constant source or changing the bi-directional network.
WARNING:MapLib:793 - Bi-directional network vfat2_sda_io<5> is driven by a
   constant.  This can result in a short.  This can be fixed by removing the
   constant source or changing the bi-directional network.
WARNING:MapLib:793 - Bi-directional network vfat2_sda_io<4> is driven by a
   constant.  This can result in a short.  This can be fixed by removing the
   constant source or changing the bi-directional network.
WARNING:MapLib:793 - Bi-directional network vfat2_sda_io<4> is driven by a
   constant.  This can result in a short.  This can be fixed by removing the
   constant source or changing the bi-directional network.
WARNING:MapLib:793 - Bi-directional network vfat2_sda_io<3> is driven by a
   constant.  This can result in a short.  This can be fixed by removing the
   constant source or changing the bi-directional network.
WARNING:MapLib:793 - Bi-directional network vfat2_sda_io<3> is driven by a
   constant.  This can result in a short.  This can be fixed by removing the
   constant source or changing the bi-directional network.
WARNING:MapLib:793 - Bi-directional network vfat2_sda_io<2> is driven by a
   constant.  This can result in a short.  This can be fixed by removing the
   constant source or changing the bi-directional network.
WARNING:MapLib:793 - Bi-directional network vfat2_sda_io<2> is driven by a
   constant.  This can result in a short.  This can be fixed by removing the
   constant source or changing the bi-directional network.
WARNING:MapLib:793 - Bi-directional network vfat2_sda_io<1> is driven by a
   constant.  This can result in a short.  This can be fixed by removing the
   constant source or changing the bi-directional network.
WARNING:MapLib:793 - Bi-directional network vfat2_sda_io<1> is driven by a
   constant.  This can result in a short.  This can be fixed by removing the
   constant source or changing the bi-directional network.
WARNING:MapLib:793 - Bi-directional network vfat2_sda_io<0> is driven by a
   constant.  This can result in a short.  This can be fixed by removing the
   constant source or changing the bi-directional network.
WARNING:MapLib:793 - Bi-directional network vfat2_sda_io<0> is driven by a
   constant.  This can result in a short.  This can be fixed by removing the
   constant source or changing the bi-directional network.
WARNING:MapLib:793 - Bi-directional network vfat2_sda_io<5> is driven by a
   constant.  This can result in a short.  This can be fixed by removing the
   constant source or changing the bi-directional network.
WARNING:MapLib:793 - Bi-directional network vfat2_sda_io<4> is driven by a
   constant.  This can result in a short.  This can be fixed by removing the
   constant source or changing the bi-directional network.
WARNING:MapLib:793 - Bi-directional network vfat2_sda_io<3> is driven by a
   constant.  This can result in a short.  This can be fixed by removing the
   constant source or changing the bi-directional network.
WARNING:MapLib:793 - Bi-directional network vfat2_sda_io<2> is driven by a
   constant.  This can result in a short.  This can be fixed by removing the
   constant source or changing the bi-directional network.
WARNING:MapLib:793 - Bi-directional network vfat2_sda_io<1> is driven by a
   constant.  This can result in a short.  This can be fixed by removing the
   constant source or changing the bi-directional network.
WARNING:MapLib:793 - Bi-directional network vfat2_sda_io<0> is driven by a
   constant.  This can result in a short.  This can be fixed by removing the
   constant source or changing the bi-directional network.
WARNING:MapLib:793 - Bi-directional network vfat2_sda_io<5> is driven by a
   constant.  This can result in a short.  This can be fixed by removing the
   constant source or changing the bi-directional network.
WARNING:MapLib:793 - Bi-directional network vfat2_sda_io<4> is driven by a
   constant.  This can result in a short.  This can be fixed by removing the
   constant source or changing the bi-directional network.
WARNING:MapLib:793 - Bi-directional network vfat2_sda_io<3> is driven by a
   constant.  This can result in a short.  This can be fixed by removing the
   constant source or changing the bi-directional network.
WARNING:MapLib:793 - Bi-directional network vfat2_sda_io<2> is driven by a
   constant.  This can result in a short.  This can be fixed by removing the
   constant source or changing the bi-directional network.
WARNING:MapLib:793 - Bi-directional network vfat2_sda_io<1> is driven by a
   constant.  This can result in a short.  This can be fixed by removing the
   constant source or changing the bi-directional network.
WARNING:MapLib:793 - Bi-directional network vfat2_sda_io<0> is driven by a
   constant.  This can result in a short.  This can be fixed by removing the
   constant source or changing the bi-directional network.
WARNING:MapLib:701 - Signal vfat2_23_sbits_p_i<7> connected to top level port
   vfat2_23_sbits_p_i<7> has been removed.
WARNING:MapLib:701 - Signal vfat2_23_sbits_p_i<6> connected to top level port
   vfat2_23_sbits_p_i<6> has been removed.
WARNING:MapLib:701 - Signal vfat2_23_sbits_p_i<5> connected to top level port
   vfat2_23_sbits_p_i<5> has been removed.
WARNING:MapLib:701 - Signal vfat2_23_sbits_p_i<4> connected to top level port
   vfat2_23_sbits_p_i<4> has been removed.
WARNING:MapLib:701 - Signal vfat2_23_sbits_p_i<3> connected to top level port
   vfat2_23_sbits_p_i<3> has been removed.
WARNING:MapLib:701 - Signal vfat2_23_sbits_p_i<2> connected to top level port
   vfat2_23_sbits_p_i<2> has been removed.
WARNING:MapLib:701 - Signal vfat2_23_sbits_p_i<1> connected to top level port
   vfat2_23_sbits_p_i<1> has been removed.
WARNING:MapLib:701 - Signal vfat2_23_sbits_p_i<0> connected to top level port
   vfat2_23_sbits_p_i<0> has been removed.
WARNING:MapLib:701 - Signal vfat2_22_sbits_p_i<7> connected to top level port
   vfat2_22_sbits_p_i<7> has been removed.
WARNING:MapLib:701 - Signal vfat2_22_sbits_p_i<6> connected to top level port
   vfat2_22_sbits_p_i<6> has been removed.
WARNING:MapLib:701 - Signal vfat2_22_sbits_p_i<5> connected to top level port
   vfat2_22_sbits_p_i<5> has been removed.
WARNING:MapLib:701 - Signal vfat2_22_sbits_p_i<4> connected to top level port
   vfat2_22_sbits_p_i<4> has been removed.
WARNING:MapLib:701 - Signal vfat2_22_sbits_p_i<3> connected to top level port
   vfat2_22_sbits_p_i<3> has been removed.
WARNING:MapLib:701 - Signal vfat2_22_sbits_p_i<2> connected to top level port
   vfat2_22_sbits_p_i<2> has been removed.
WARNING:MapLib:701 - Signal vfat2_22_sbits_p_i<1> connected to top level port
   vfat2_22_sbits_p_i<1> has been removed.
WARNING:MapLib:701 - Signal vfat2_22_sbits_p_i<0> connected to top level port
   vfat2_22_sbits_p_i<0> has been removed.
WARNING:MapLib:701 - Signal vfat2_21_sbits_p_i<7> connected to top level port
   vfat2_21_sbits_p_i<7> has been removed.
WARNING:MapLib:701 - Signal vfat2_21_sbits_p_i<6> connected to top level port
   vfat2_21_sbits_p_i<6> has been removed.
WARNING:MapLib:701 - Signal vfat2_21_sbits_p_i<5> connected to top level port
   vfat2_21_sbits_p_i<5> has been removed.
WARNING:MapLib:701 - Signal vfat2_21_sbits_p_i<4> connected to top level port
   vfat2_21_sbits_p_i<4> has been removed.
WARNING:MapLib:701 - Signal vfat2_21_sbits_p_i<3> connected to top level port
   vfat2_21_sbits_p_i<3> has been removed.
WARNING:MapLib:701 - Signal vfat2_21_sbits_p_i<2> connected to top level port
   vfat2_21_sbits_p_i<2> has been removed.
WARNING:MapLib:701 - Signal vfat2_21_sbits_p_i<1> connected to top level port
   vfat2_21_sbits_p_i<1> has been removed.
WARNING:MapLib:701 - Signal vfat2_21_sbits_p_i<0> connected to top level port
   vfat2_21_sbits_p_i<0> has been removed.
WARNING:MapLib:701 - Signal vfat2_20_sbits_p_i<7> connected to top level port
   vfat2_20_sbits_p_i<7> has been removed.
WARNING:MapLib:701 - Signal vfat2_20_sbits_p_i<6> connected to top level port
   vfat2_20_sbits_p_i<6> has been removed.
WARNING:MapLib:701 - Signal vfat2_20_sbits_p_i<5> connected to top level port
   vfat2_20_sbits_p_i<5> has been removed.
WARNING:MapLib:701 - Signal vfat2_20_sbits_p_i<4> connected to top level port
   vfat2_20_sbits_p_i<4> has been removed.
WARNING:MapLib:701 - Signal vfat2_20_sbits_p_i<3> connected to top level port
   vfat2_20_sbits_p_i<3> has been removed.
WARNING:MapLib:701 - Signal vfat2_20_sbits_p_i<2> connected to top level port
   vfat2_20_sbits_p_i<2> has been removed.
WARNING:MapLib:701 - Signal vfat2_20_sbits_p_i<1> connected to top level port
   vfat2_20_sbits_p_i<1> has been removed.
WARNING:MapLib:701 - Signal vfat2_20_sbits_p_i<0> connected to top level port
   vfat2_20_sbits_p_i<0> has been removed.
WARNING:MapLib:701 - Signal vfat2_19_sbits_p_i<7> connected to top level port
   vfat2_19_sbits_p_i<7> has been removed.
WARNING:MapLib:701 - Signal vfat2_19_sbits_p_i<6> connected to top level port
   vfat2_19_sbits_p_i<6> has been removed.
WARNING:MapLib:701 - Signal vfat2_19_sbits_p_i<5> connected to top level port
   vfat2_19_sbits_p_i<5> has been removed.
WARNING:MapLib:701 - Signal vfat2_19_sbits_p_i<4> connected to top level port
   vfat2_19_sbits_p_i<4> has been removed.
WARNING:MapLib:701 - Signal vfat2_19_sbits_p_i<3> connected to top level port
   vfat2_19_sbits_p_i<3> has been removed.
WARNING:MapLib:701 - Signal vfat2_19_sbits_p_i<2> connected to top level port
   vfat2_19_sbits_p_i<2> has been removed.
WARNING:MapLib:701 - Signal vfat2_19_sbits_p_i<1> connected to top level port
   vfat2_19_sbits_p_i<1> has been removed.
WARNING:MapLib:701 - Signal vfat2_19_sbits_p_i<0> connected to top level port
   vfat2_19_sbits_p_i<0> has been removed.
WARNING:MapLib:701 - Signal vfat2_18_sbits_p_i<7> connected to top level port
   vfat2_18_sbits_p_i<7> has been removed.
WARNING:MapLib:701 - Signal vfat2_18_sbits_p_i<6> connected to top level port
   vfat2_18_sbits_p_i<6> has been removed.
WARNING:MapLib:701 - Signal vfat2_18_sbits_p_i<5> connected to top level port
   vfat2_18_sbits_p_i<5> has been removed.
WARNING:MapLib:701 - Signal vfat2_18_sbits_p_i<4> connected to top level port
   vfat2_18_sbits_p_i<4> has been removed.
WARNING:MapLib:701 - Signal vfat2_18_sbits_p_i<3> connected to top level port
   vfat2_18_sbits_p_i<3> has been removed.
WARNING:MapLib:701 - Signal vfat2_18_sbits_p_i<2> connected to top level port
   vfat2_18_sbits_p_i<2> has been removed.
WARNING:MapLib:701 - Signal vfat2_18_sbits_p_i<1> connected to top level port
   vfat2_18_sbits_p_i<1> has been removed.
WARNING:MapLib:701 - Signal vfat2_18_sbits_p_i<0> connected to top level port
   vfat2_18_sbits_p_i<0> has been removed.
WARNING:MapLib:701 - Signal vfat2_17_sbits_p_i<7> connected to top level port
   vfat2_17_sbits_p_i<7> has been removed.
WARNING:MapLib:701 - Signal vfat2_17_sbits_p_i<6> connected to top level port
   vfat2_17_sbits_p_i<6> has been removed.
WARNING:MapLib:701 - Signal vfat2_17_sbits_p_i<5> connected to top level port
   vfat2_17_sbits_p_i<5> has been removed.
WARNING:MapLib:701 - Signal vfat2_17_sbits_p_i<4> connected to top level port
   vfat2_17_sbits_p_i<4> has been removed.
WARNING:MapLib:701 - Signal vfat2_17_sbits_p_i<3> connected to top level port
   vfat2_17_sbits_p_i<3> has been removed.
WARNING:MapLib:701 - Signal vfat2_17_sbits_p_i<2> connected to top level port
   vfat2_17_sbits_p_i<2> has been removed.
WARNING:MapLib:701 - Signal vfat2_17_sbits_p_i<1> connected to top level port
   vfat2_17_sbits_p_i<1> has been removed.
WARNING:MapLib:701 - Signal vfat2_17_sbits_p_i<0> connected to top level port
   vfat2_17_sbits_p_i<0> has been removed.
WARNING:MapLib:701 - Signal vfat2_16_sbits_p_i<7> connected to top level port
   vfat2_16_sbits_p_i<7> has been removed.
WARNING:MapLib:701 - Signal vfat2_16_sbits_p_i<6> connected to top level port
   vfat2_16_sbits_p_i<6> has been removed.
WARNING:MapLib:701 - Signal vfat2_16_sbits_p_i<5> connected to top level port
   vfat2_16_sbits_p_i<5> has been removed.
WARNING:MapLib:701 - Signal vfat2_16_sbits_p_i<4> connected to top level port
   vfat2_16_sbits_p_i<4> has been removed.
WARNING:MapLib:701 - Signal vfat2_16_sbits_p_i<3> connected to top level port
   vfat2_16_sbits_p_i<3> has been removed.
WARNING:MapLib:701 - Signal vfat2_16_sbits_p_i<2> connected to top level port
   vfat2_16_sbits_p_i<2> has been removed.
WARNING:MapLib:701 - Signal vfat2_16_sbits_p_i<1> connected to top level port
   vfat2_16_sbits_p_i<1> has been removed.
WARNING:MapLib:701 - Signal vfat2_16_sbits_p_i<0> connected to top level port
   vfat2_16_sbits_p_i<0> has been removed.
WARNING:MapLib:701 - Signal vfat2_15_sbits_p_i<7> connected to top level port
   vfat2_15_sbits_p_i<7> has been removed.
WARNING:MapLib:701 - Signal vfat2_15_sbits_p_i<6> connected to top level port
   vfat2_15_sbits_p_i<6> has been removed.
WARNING:MapLib:701 - Signal vfat2_15_sbits_p_i<5> connected to top level port
   vfat2_15_sbits_p_i<5> has been removed.
WARNING:MapLib:701 - Signal vfat2_15_sbits_p_i<4> connected to top level port
   vfat2_15_sbits_p_i<4> has been removed.
WARNING:MapLib:701 - Signal vfat2_15_sbits_p_i<3> connected to top level port
   vfat2_15_sbits_p_i<3> has been removed.
WARNING:MapLib:701 - Signal vfat2_15_sbits_p_i<2> connected to top level port
   vfat2_15_sbits_p_i<2> has been removed.
WARNING:MapLib:701 - Signal vfat2_15_sbits_p_i<1> connected to top level port
   vfat2_15_sbits_p_i<1> has been removed.
WARNING:MapLib:701 - Signal vfat2_15_sbits_p_i<0> connected to top level port
   vfat2_15_sbits_p_i<0> has been removed.
WARNING:MapLib:701 - Signal vfat2_14_sbits_p_i<7> connected to top level port
   vfat2_14_sbits_p_i<7> has been removed.
WARNING:MapLib:701 - Signal vfat2_14_sbits_p_i<6> connected to top level port
   vfat2_14_sbits_p_i<6> has been removed.
WARNING:MapLib:701 - Signal vfat2_14_sbits_p_i<5> connected to top level port
   vfat2_14_sbits_p_i<5> has been removed.
WARNING:MapLib:701 - Signal vfat2_14_sbits_p_i<4> connected to top level port
   vfat2_14_sbits_p_i<4> has been removed.
WARNING:MapLib:701 - Signal vfat2_14_sbits_p_i<3> connected to top level port
   vfat2_14_sbits_p_i<3> has been removed.
WARNING:MapLib:701 - Signal vfat2_14_sbits_p_i<2> connected to top level port
   vfat2_14_sbits_p_i<2> has been removed.
WARNING:MapLib:701 - Signal vfat2_14_sbits_p_i<1> connected to top level port
   vfat2_14_sbits_p_i<1> has been removed.
WARNING:MapLib:701 - Signal vfat2_14_sbits_p_i<0> connected to top level port
   vfat2_14_sbits_p_i<0> has been removed.
WARNING:MapLib:701 - Signal vfat2_13_sbits_p_i<7> connected to top level port
   vfat2_13_sbits_p_i<7> has been removed.
WARNING:MapLib:701 - Signal vfat2_13_sbits_p_i<6> connected to top level port
   vfat2_13_sbits_p_i<6> has been removed.
WARNING:MapLib:701 - Signal vfat2_13_sbits_p_i<5> connected to top level port
   vfat2_13_sbits_p_i<5> has been removed.
WARNING:MapLib:701 - Signal vfat2_13_sbits_p_i<4> connected to top level port
   vfat2_13_sbits_p_i<4> has been removed.
WARNING:MapLib:701 - Signal vfat2_13_sbits_p_i<3> connected to top level port
   vfat2_13_sbits_p_i<3> has been removed.
WARNING:MapLib:701 - Signal vfat2_13_sbits_p_i<2> connected to top level port
   vfat2_13_sbits_p_i<2> has been removed.
WARNING:MapLib:701 - Signal vfat2_13_sbits_p_i<1> connected to top level port
   vfat2_13_sbits_p_i<1> has been removed.
WARNING:MapLib:701 - Signal vfat2_13_sbits_p_i<0> connected to top level port
   vfat2_13_sbits_p_i<0> has been removed.
WARNING:MapLib:701 - Signal vfat2_12_sbits_p_i<7> connected to top level port
   vfat2_12_sbits_p_i<7> has been removed.
WARNING:MapLib:701 - Signal vfat2_12_sbits_p_i<6> connected to top level port
   vfat2_12_sbits_p_i<6> has been removed.
WARNING:MapLib:701 - Signal vfat2_12_sbits_p_i<5> connected to top level port
   vfat2_12_sbits_p_i<5> has been removed.
WARNING:MapLib:701 - Signal vfat2_12_sbits_p_i<4> connected to top level port
   vfat2_12_sbits_p_i<4> has been removed.
WARNING:MapLib:701 - Signal vfat2_12_sbits_p_i<3> connected to top level port
   vfat2_12_sbits_p_i<3> has been removed.
WARNING:MapLib:701 - Signal vfat2_12_sbits_p_i<2> connected to top level port
   vfat2_12_sbits_p_i<2> has been removed.
WARNING:MapLib:701 - Signal vfat2_12_sbits_p_i<1> connected to top level port
   vfat2_12_sbits_p_i<1> has been removed.
WARNING:MapLib:701 - Signal vfat2_12_sbits_p_i<0> connected to top level port
   vfat2_12_sbits_p_i<0> has been removed.
WARNING:MapLib:701 - Signal vfat2_11_sbits_p_i<7> connected to top level port
   vfat2_11_sbits_p_i<7> has been removed.
WARNING:MapLib:701 - Signal vfat2_11_sbits_p_i<6> connected to top level port
   vfat2_11_sbits_p_i<6> has been removed.
WARNING:MapLib:701 - Signal vfat2_11_sbits_p_i<5> connected to top level port
   vfat2_11_sbits_p_i<5> has been removed.
WARNING:MapLib:701 - Signal vfat2_11_sbits_p_i<4> connected to top level port
   vfat2_11_sbits_p_i<4> has been removed.
WARNING:MapLib:701 - Signal vfat2_11_sbits_p_i<3> connected to top level port
   vfat2_11_sbits_p_i<3> has been removed.
WARNING:MapLib:701 - Signal vfat2_11_sbits_p_i<2> connected to top level port
   vfat2_11_sbits_p_i<2> has been removed.
WARNING:MapLib:701 - Signal vfat2_11_sbits_p_i<1> connected to top level port
   vfat2_11_sbits_p_i<1> has been removed.
WARNING:MapLib:701 - Signal vfat2_11_sbits_p_i<0> connected to top level port
   vfat2_11_sbits_p_i<0> has been removed.
WARNING:MapLib:701 - Signal vfat2_10_sbits_p_i<7> connected to top level port
   vfat2_10_sbits_p_i<7> has been removed.
WARNING:MapLib:701 - Signal vfat2_10_sbits_p_i<6> connected to top level port
   vfat2_10_sbits_p_i<6> has been removed.
WARNING:MapLib:701 - Signal vfat2_10_sbits_p_i<5> connected to top level port
   vfat2_10_sbits_p_i<5> has been removed.
WARNING:MapLib:701 - Signal vfat2_10_sbits_p_i<4> connected to top level port
   vfat2_10_sbits_p_i<4> has been removed.
WARNING:MapLib:701 - Signal vfat2_10_sbits_p_i<3> connected to top level port
   vfat2_10_sbits_p_i<3> has been removed.
WARNING:MapLib:701 - Signal vfat2_10_sbits_p_i<2> connected to top level port
   vfat2_10_sbits_p_i<2> has been removed.
WARNING:MapLib:701 - Signal vfat2_10_sbits_p_i<1> connected to top level port
   vfat2_10_sbits_p_i<1> has been removed.
WARNING:MapLib:701 - Signal vfat2_10_sbits_p_i<0> connected to top level port
   vfat2_10_sbits_p_i<0> has been removed.
WARNING:MapLib:701 - Signal vfat2_9_sbits_p_i<7> connected to top level port
   vfat2_9_sbits_p_i<7> has been removed.
WARNING:MapLib:701 - Signal vfat2_9_sbits_p_i<6> connected to top level port
   vfat2_9_sbits_p_i<6> has been removed.
WARNING:MapLib:701 - Signal vfat2_9_sbits_p_i<5> connected to top level port
   vfat2_9_sbits_p_i<5> has been removed.
WARNING:MapLib:701 - Signal vfat2_9_sbits_p_i<4> connected to top level port
   vfat2_9_sbits_p_i<4> has been removed.
WARNING:MapLib:701 - Signal vfat2_9_sbits_p_i<3> connected to top level port
   vfat2_9_sbits_p_i<3> has been removed.
WARNING:MapLib:701 - Signal vfat2_9_sbits_p_i<2> connected to top level port
   vfat2_9_sbits_p_i<2> has been removed.
WARNING:MapLib:701 - Signal vfat2_9_sbits_p_i<1> connected to top level port
   vfat2_9_sbits_p_i<1> has been removed.
WARNING:MapLib:701 - Signal vfat2_9_sbits_p_i<0> connected to top level port
   vfat2_9_sbits_p_i<0> has been removed.
WARNING:MapLib:701 - Signal vfat2_8_sbits_p_i<7> connected to top level port
   vfat2_8_sbits_p_i<7> has been removed.
WARNING:MapLib:701 - Signal vfat2_8_sbits_p_i<6> connected to top level port
   vfat2_8_sbits_p_i<6> has been removed.
WARNING:MapLib:701 - Signal vfat2_8_sbits_p_i<5> connected to top level port
   vfat2_8_sbits_p_i<5> has been removed.
WARNING:MapLib:701 - Signal vfat2_8_sbits_p_i<4> connected to top level port
   vfat2_8_sbits_p_i<4> has been removed.
WARNING:MapLib:701 - Signal vfat2_8_sbits_p_i<3> connected to top level port
   vfat2_8_sbits_p_i<3> has been removed.
WARNING:MapLib:701 - Signal vfat2_8_sbits_p_i<2> connected to top level port
   vfat2_8_sbits_p_i<2> has been removed.
WARNING:MapLib:701 - Signal vfat2_8_sbits_p_i<1> connected to top level port
   vfat2_8_sbits_p_i<1> has been removed.
WARNING:MapLib:701 - Signal vfat2_8_sbits_p_i<0> connected to top level port
   vfat2_8_sbits_p_i<0> has been removed.
WARNING:MapLib:701 - Signal vfat2_7_sbits_p_i<7> connected to top level port
   vfat2_7_sbits_p_i<7> has been removed.
WARNING:MapLib:701 - Signal vfat2_7_sbits_p_i<6> connected to top level port
   vfat2_7_sbits_p_i<6> has been removed.
WARNING:MapLib:701 - Signal vfat2_7_sbits_p_i<5> connected to top level port
   vfat2_7_sbits_p_i<5> has been removed.
WARNING:MapLib:701 - Signal vfat2_7_sbits_p_i<4> connected to top level port
   vfat2_7_sbits_p_i<4> has been removed.
WARNING:MapLib:701 - Signal vfat2_7_sbits_p_i<3> connected to top level port
   vfat2_7_sbits_p_i<3> has been removed.
WARNING:MapLib:701 - Signal vfat2_7_sbits_p_i<2> connected to top level port
   vfat2_7_sbits_p_i<2> has been removed.
WARNING:MapLib:701 - Signal vfat2_7_sbits_p_i<1> connected to top level port
   vfat2_7_sbits_p_i<1> has been removed.
WARNING:MapLib:701 - Signal vfat2_7_sbits_p_i<0> connected to top level port
   vfat2_7_sbits_p_i<0> has been removed.
WARNING:MapLib:701 - Signal vfat2_6_sbits_p_i<7> connected to top level port
   vfat2_6_sbits_p_i<7> has been removed.
WARNING:MapLib:701 - Signal vfat2_6_sbits_p_i<6> connected to top level port
   vfat2_6_sbits_p_i<6> has been removed.
WARNING:MapLib:701 - Signal vfat2_6_sbits_p_i<5> connected to top level port
   vfat2_6_sbits_p_i<5> has been removed.
WARNING:MapLib:701 - Signal vfat2_6_sbits_p_i<4> connected to top level port
   vfat2_6_sbits_p_i<4> has been removed.
WARNING:MapLib:701 - Signal vfat2_6_sbits_p_i<3> connected to top level port
   vfat2_6_sbits_p_i<3> has been removed.
WARNING:MapLib:701 - Signal vfat2_6_sbits_p_i<2> connected to top level port
   vfat2_6_sbits_p_i<2> has been removed.
WARNING:MapLib:701 - Signal vfat2_6_sbits_p_i<1> connected to top level port
   vfat2_6_sbits_p_i<1> has been removed.
WARNING:MapLib:701 - Signal vfat2_6_sbits_p_i<0> connected to top level port
   vfat2_6_sbits_p_i<0> has been removed.
WARNING:MapLib:701 - Signal vfat2_5_sbits_p_i<7> connected to top level port
   vfat2_5_sbits_p_i<7> has been removed.
WARNING:MapLib:701 - Signal vfat2_5_sbits_p_i<6> connected to top level port
   vfat2_5_sbits_p_i<6> has been removed.
WARNING:MapLib:701 - Signal vfat2_5_sbits_p_i<5> connected to top level port
   vfat2_5_sbits_p_i<5> has been removed.
WARNING:MapLib:701 - Signal vfat2_5_sbits_p_i<4> connected to top level port
   vfat2_5_sbits_p_i<4> has been removed.
WARNING:MapLib:701 - Signal vfat2_5_sbits_p_i<3> connected to top level port
   vfat2_5_sbits_p_i<3> has been removed.
WARNING:MapLib:701 - Signal vfat2_5_sbits_p_i<2> connected to top level port
   vfat2_5_sbits_p_i<2> has been removed.
WARNING:MapLib:701 - Signal vfat2_5_sbits_p_i<1> connected to top level port
   vfat2_5_sbits_p_i<1> has been removed.
WARNING:MapLib:701 - Signal vfat2_5_sbits_p_i<0> connected to top level port
   vfat2_5_sbits_p_i<0> has been removed.
WARNING:MapLib:701 - Signal vfat2_4_sbits_p_i<7> connected to top level port
   vfat2_4_sbits_p_i<7> has been removed.
WARNING:MapLib:701 - Signal vfat2_4_sbits_p_i<6> connected to top level port
   vfat2_4_sbits_p_i<6> has been removed.
WARNING:MapLib:701 - Signal vfat2_4_sbits_p_i<5> connected to top level port
   vfat2_4_sbits_p_i<5> has been removed.
WARNING:MapLib:701 - Signal vfat2_4_sbits_p_i<4> connected to top level port
   vfat2_4_sbits_p_i<4> has been removed.
WARNING:MapLib:701 - Signal vfat2_4_sbits_p_i<3> connected to top level port
   vfat2_4_sbits_p_i<3> has been removed.
WARNING:MapLib:701 - Signal vfat2_4_sbits_p_i<2> connected to top level port
   vfat2_4_sbits_p_i<2> has been removed.
WARNING:MapLib:701 - Signal vfat2_4_sbits_p_i<1> connected to top level port
   vfat2_4_sbits_p_i<1> has been removed.
WARNING:MapLib:701 - Signal vfat2_4_sbits_p_i<0> connected to top level port
   vfat2_4_sbits_p_i<0> has been removed.
WARNING:MapLib:701 - Signal vfat2_3_sbits_p_i<7> connected to top level port
   vfat2_3_sbits_p_i<7> has been removed.
WARNING:MapLib:701 - Signal vfat2_3_sbits_p_i<6> connected to top level port
   vfat2_3_sbits_p_i<6> has been removed.
WARNING:MapLib:701 - Signal vfat2_3_sbits_p_i<5> connected to top level port
   vfat2_3_sbits_p_i<5> has been removed.
WARNING:MapLib:701 - Signal vfat2_3_sbits_p_i<4> connected to top level port
   vfat2_3_sbits_p_i<4> has been removed.
WARNING:MapLib:701 - Signal vfat2_3_sbits_p_i<3> connected to top level port
   vfat2_3_sbits_p_i<3> has been removed.
WARNING:MapLib:701 - Signal vfat2_3_sbits_p_i<2> connected to top level port
   vfat2_3_sbits_p_i<2> has been removed.
WARNING:MapLib:701 - Signal vfat2_3_sbits_p_i<1> connected to top level port
   vfat2_3_sbits_p_i<1> has been removed.
WARNING:MapLib:701 - Signal vfat2_3_sbits_p_i<0> connected to top level port
   vfat2_3_sbits_p_i<0> has been removed.
WARNING:MapLib:701 - Signal vfat2_2_sbits_p_i<7> connected to top level port
   vfat2_2_sbits_p_i<7> has been removed.
WARNING:MapLib:701 - Signal vfat2_2_sbits_p_i<6> connected to top level port
   vfat2_2_sbits_p_i<6> has been removed.
WARNING:MapLib:701 - Signal vfat2_2_sbits_p_i<5> connected to top level port
   vfat2_2_sbits_p_i<5> has been removed.
WARNING:MapLib:701 - Signal vfat2_2_sbits_p_i<4> connected to top level port
   vfat2_2_sbits_p_i<4> has been removed.
WARNING:MapLib:701 - Signal vfat2_2_sbits_p_i<3> connected to top level port
   vfat2_2_sbits_p_i<3> has been removed.
WARNING:MapLib:701 - Signal vfat2_2_sbits_p_i<2> connected to top level port
   vfat2_2_sbits_p_i<2> has been removed.
WARNING:MapLib:701 - Signal vfat2_2_sbits_p_i<1> connected to top level port
   vfat2_2_sbits_p_i<1> has been removed.
WARNING:MapLib:701 - Signal vfat2_2_sbits_p_i<0> connected to top level port
   vfat2_2_sbits_p_i<0> has been removed.
WARNING:MapLib:701 - Signal vfat2_1_sbits_p_i<7> connected to top level port
   vfat2_1_sbits_p_i<7> has been removed.
WARNING:MapLib:701 - Signal vfat2_1_sbits_p_i<6> connected to top level port
   vfat2_1_sbits_p_i<6> has been removed.
WARNING:MapLib:701 - Signal vfat2_1_sbits_p_i<5> connected to top level port
   vfat2_1_sbits_p_i<5> has been removed.
WARNING:MapLib:701 - Signal vfat2_1_sbits_p_i<4> connected to top level port
   vfat2_1_sbits_p_i<4> has been removed.
WARNING:MapLib:701 - Signal vfat2_1_sbits_p_i<3> connected to top level port
   vfat2_1_sbits_p_i<3> has been removed.
WARNING:MapLib:701 - Signal vfat2_1_sbits_p_i<2> connected to top level port
   vfat2_1_sbits_p_i<2> has been removed.
WARNING:MapLib:701 - Signal vfat2_1_sbits_p_i<1> connected to top level port
   vfat2_1_sbits_p_i<1> has been removed.
WARNING:MapLib:701 - Signal vfat2_1_sbits_p_i<0> connected to top level port
   vfat2_1_sbits_p_i<0> has been removed.
WARNING:MapLib:701 - Signal vfat2_0_sbits_p_i<7> connected to top level port
   vfat2_0_sbits_p_i<7> has been removed.
WARNING:MapLib:701 - Signal vfat2_0_sbits_p_i<6> connected to top level port
   vfat2_0_sbits_p_i<6> has been removed.
WARNING:MapLib:701 - Signal vfat2_0_sbits_p_i<5> connected to top level port
   vfat2_0_sbits_p_i<5> has been removed.
WARNING:MapLib:701 - Signal vfat2_0_sbits_p_i<4> connected to top level port
   vfat2_0_sbits_p_i<4> has been removed.
WARNING:MapLib:701 - Signal vfat2_0_sbits_p_i<3> connected to top level port
   vfat2_0_sbits_p_i<3> has been removed.
WARNING:MapLib:701 - Signal vfat2_0_sbits_p_i<2> connected to top level port
   vfat2_0_sbits_p_i<2> has been removed.
WARNING:MapLib:701 - Signal vfat2_0_sbits_p_i<1> connected to top level port
   vfat2_0_sbits_p_i<1> has been removed.
WARNING:MapLib:701 - Signal vfat2_0_sbits_p_i<0> connected to top level port
   vfat2_0_sbits_p_i<0> has been removed.
WARNING:MapLib:701 - Signal vfat2_data_valid_p_i<5> connected to top level port
   vfat2_data_valid_p_i<5> has been removed.
WARNING:MapLib:701 - Signal vfat2_data_valid_n_i<5> connected to top level port
   vfat2_data_valid_n_i<5> has been removed.
WARNING:MapLib:701 - Signal vfat2_data_valid_p_i<4> connected to top level port
   vfat2_data_valid_p_i<4> has been removed.
WARNING:MapLib:701 - Signal vfat2_data_valid_n_i<4> connected to top level port
   vfat2_data_valid_n_i<4> has been removed.
WARNING:MapLib:701 - Signal vfat2_data_valid_p_i<3> connected to top level port
   vfat2_data_valid_p_i<3> has been removed.
WARNING:MapLib:701 - Signal vfat2_data_valid_n_i<3> connected to top level port
   vfat2_data_valid_n_i<3> has been removed.
WARNING:MapLib:701 - Signal vfat2_data_valid_p_i<2> connected to top level port
   vfat2_data_valid_p_i<2> has been removed.
WARNING:MapLib:701 - Signal vfat2_data_valid_n_i<2> connected to top level port
   vfat2_data_valid_n_i<2> has been removed.
WARNING:MapLib:701 - Signal vfat2_data_valid_p_i<1> connected to top level port
   vfat2_data_valid_p_i<1> has been removed.
WARNING:MapLib:701 - Signal vfat2_data_valid_n_i<1> connected to top level port
   vfat2_data_valid_n_i<1> has been removed.
WARNING:MapLib:701 - Signal vfat2_data_valid_p_i<0> connected to top level port
   vfat2_data_valid_p_i<0> has been removed.
WARNING:MapLib:701 - Signal vfat2_data_valid_n_i<0> connected to top level port
   vfat2_data_valid_n_i<0> has been removed.
WARNING:MapLib:701 - Signal vfat2_23_data_out_p_i connected to top level port
   vfat2_23_data_out_p_i has been removed.
WARNING:MapLib:701 - Signal vfat2_23_data_out_n_i connected to top level port
   vfat2_23_data_out_n_i has been removed.
WARNING:MapLib:701 - Signal vfat2_22_data_out_p_i connected to top level port
   vfat2_22_data_out_p_i has been removed.
WARNING:MapLib:701 - Signal vfat2_22_data_out_n_i connected to top level port
   vfat2_22_data_out_n_i has been removed.
WARNING:MapLib:701 - Signal vfat2_21_data_out_p_i connected to top level port
   vfat2_21_data_out_p_i has been removed.
WARNING:MapLib:701 - Signal vfat2_21_data_out_n_i connected to top level port
   vfat2_21_data_out_n_i has been removed.
WARNING:MapLib:701 - Signal vfat2_20_data_out_p_i connected to top level port
   vfat2_20_data_out_p_i has been removed.
WARNING:MapLib:701 - Signal vfat2_20_data_out_n_i connected to top level port
   vfat2_20_data_out_n_i has been removed.
WARNING:MapLib:701 - Signal vfat2_19_data_out_p_i connected to top level port
   vfat2_19_data_out_p_i has been removed.
WARNING:MapLib:701 - Signal vfat2_19_data_out_n_i connected to top level port
   vfat2_19_data_out_n_i has been removed.
WARNING:MapLib:701 - Signal vfat2_18_data_out_p_i connected to top level port
   vfat2_18_data_out_p_i has been removed.
WARNING:MapLib:701 - Signal vfat2_18_data_out_n_i connected to top level port
   vfat2_18_data_out_n_i has been removed.
WARNING:MapLib:701 - Signal vfat2_17_data_out_p_i connected to top level port
   vfat2_17_data_out_p_i has been removed.
WARNING:MapLib:701 - Signal vfat2_17_data_out_n_i connected to top level port
   vfat2_17_data_out_n_i has been removed.
WARNING:MapLib:701 - Signal vfat2_16_data_out_p_i connected to top level port
   vfat2_16_data_out_p_i has been removed.
WARNING:MapLib:701 - Signal vfat2_16_data_out_n_i connected to top level port
   vfat2_16_data_out_n_i has been removed.
WARNING:MapLib:701 - Signal vfat2_15_data_out_p_i connected to top level port
   vfat2_15_data_out_p_i has been removed.
WARNING:MapLib:701 - Signal vfat2_15_data_out_n_i connected to top level port
   vfat2_15_data_out_n_i has been removed.
WARNING:MapLib:701 - Signal vfat2_14_data_out_p_i connected to top level port
   vfat2_14_data_out_p_i has been removed.
WARNING:MapLib:701 - Signal vfat2_14_data_out_n_i connected to top level port
   vfat2_14_data_out_n_i has been removed.
WARNING:MapLib:701 - Signal vfat2_13_data_out_p_i connected to top level port
   vfat2_13_data_out_p_i has been removed.
WARNING:MapLib:701 - Signal vfat2_13_data_out_n_i connected to top level port
   vfat2_13_data_out_n_i has been removed.
WARNING:MapLib:701 - Signal vfat2_12_data_out_p_i connected to top level port
   vfat2_12_data_out_p_i has been removed.
WARNING:MapLib:701 - Signal vfat2_12_data_out_n_i connected to top level port
   vfat2_12_data_out_n_i has been removed.
WARNING:MapLib:701 - Signal vfat2_11_data_out_p_i connected to top level port
   vfat2_11_data_out_p_i has been removed.
WARNING:MapLib:701 - Signal vfat2_11_data_out_n_i connected to top level port
   vfat2_11_data_out_n_i has been removed.
WARNING:MapLib:701 - Signal vfat2_10_data_out_p_i connected to top level port
   vfat2_10_data_out_p_i has been removed.
WARNING:MapLib:701 - Signal vfat2_10_data_out_n_i connected to top level port
   vfat2_10_data_out_n_i has been removed.
WARNING:MapLib:701 - Signal vfat2_9_data_out_p_i connected to top level port
   vfat2_9_data_out_p_i has been removed.
WARNING:MapLib:701 - Signal vfat2_9_data_out_n_i connected to top level port
   vfat2_9_data_out_n_i has been removed.
WARNING:MapLib:701 - Signal vfat2_8_data_out_p_i connected to top level port
   vfat2_8_data_out_p_i has been removed.
WARNING:MapLib:701 - Signal vfat2_8_data_out_n_i connected to top level port
   vfat2_8_data_out_n_i has been removed.
WARNING:MapLib:701 - Signal vfat2_7_data_out_p_i connected to top level port
   vfat2_7_data_out_p_i has been removed.
WARNING:MapLib:701 - Signal vfat2_7_data_out_n_i connected to top level port
   vfat2_7_data_out_n_i has been removed.
WARNING:MapLib:701 - Signal vfat2_6_data_out_p_i connected to top level port
   vfat2_6_data_out_p_i has been removed.
WARNING:MapLib:701 - Signal vfat2_6_data_out_n_i connected to top level port
   vfat2_6_data_out_n_i has been removed.
WARNING:MapLib:701 - Signal vfat2_5_data_out_p_i connected to top level port
   vfat2_5_data_out_p_i has been removed.
WARNING:MapLib:701 - Signal vfat2_5_data_out_n_i connected to top level port
   vfat2_5_data_out_n_i has been removed.
WARNING:MapLib:701 - Signal vfat2_4_data_out_p_i connected to top level port
   vfat2_4_data_out_p_i has been removed.
WARNING:MapLib:701 - Signal vfat2_4_data_out_n_i connected to top level port
   vfat2_4_data_out_n_i has been removed.
WARNING:MapLib:701 - Signal vfat2_3_data_out_p_i connected to top level port
   vfat2_3_data_out_p_i has been removed.
WARNING:MapLib:701 - Signal vfat2_3_data_out_n_i connected to top level port
   vfat2_3_data_out_n_i has been removed.
WARNING:MapLib:701 - Signal vfat2_2_data_out_p_i connected to top level port
   vfat2_2_data_out_p_i has been removed.
WARNING:MapLib:701 - Signal vfat2_2_data_out_n_i connected to top level port
   vfat2_2_data_out_n_i has been removed.
WARNING:MapLib:701 - Signal vfat2_1_data_out_p_i connected to top level port
   vfat2_1_data_out_p_i has been removed.
WARNING:MapLib:701 - Signal vfat2_1_data_out_n_i connected to top level port
   vfat2_1_data_out_n_i has been removed.
WARNING:MapLib:701 - Signal vfat2_0_data_out_p_i connected to top level port
   vfat2_0_data_out_p_i has been removed.
WARNING:MapLib:701 - Signal vfat2_0_data_out_n_i connected to top level port
   vfat2_0_data_out_n_i has been removed.
Running directed packing...
Running delay-based LUT packing...
Updating timing models...
INFO:Map:215 - The Interim Design Summary has been generated in the MAP Report
   (.mrp).
Running timing-driven placement...
Total REAL time at the beginning of Placer: 21 secs 
Total CPU  time at the beginning of Placer: 21 secs 

Phase 1.1  Initial Placement Analysis
Phase 1.1  Initial Placement Analysis (Checksum:378a9809) REAL time: 25 secs 

Phase 2.7  Design Feasibility Check
Phase 2.7  Design Feasibility Check (Checksum:378a9809) REAL time: 25 secs 

Phase 3.31  Local Placement Optimization
Phase 3.31  Local Placement Optimization (Checksum:9f362729) REAL time: 25 secs 

Phase 4.37  Local Placement Optimization
Phase 4.37  Local Placement Optimization (Checksum:9f362729) REAL time: 25 secs 

Phase 5.2  Initial Placement for Architecture Specific Features
Phase 5.2  Initial Placement for Architecture Specific Features
(Checksum:9f362729) REAL time: 25 secs 

Phase 6.36  Local Placement Optimization
Phase 6.36  Local Placement Optimization (Checksum:9f362729) REAL time: 25 secs 

Phase 7.30  Global Clock Region Assignment
Phase 7.30  Global Clock Region Assignment (Checksum:9f362729) REAL time: 25 secs 

Phase 8.3  Local Placement Optimization
Phase 8.3  Local Placement Optimization (Checksum:9f362729) REAL time: 26 secs 

Phase 9.5  Local Placement Optimization
Phase 9.5  Local Placement Optimization (Checksum:9f362729) REAL time: 26 secs 

Phase 10.8  Global Placement
Phase 10.8  Global Placement (Checksum:9f362729) REAL time: 26 secs 

Phase 11.5  Local Placement Optimization
Phase 11.5  Local Placement Optimization (Checksum:9f362729) REAL time: 26 secs 

Phase 12.18  Placement Optimization
Phase 12.18  Placement Optimization (Checksum:9f362729) REAL time: 26 secs 

Phase 13.5  Local Placement Optimization
Phase 13.5  Local Placement Optimization (Checksum:9f362729) REAL time: 26 secs 

Phase 14.34  Placement Validation
Phase 14.34  Placement Validation (Checksum:fc4bfcaf) REAL time: 26 secs 

Total REAL time to Placer completion: 26 secs 
Total CPU  time to Placer completion: 26 secs 
Running post-placement packing...
Writing output files...
WARNING:PhysDesignRules:368 - The signal <adc_clk_o_OBUF> is incomplete. The
   signal is not driven by any source pin in the design.
WARNING:PhysDesignRules:368 - The signal <flash_address_o<0>_OBUF> is
   incomplete. The signal is not driven by any source pin in the design.
WARNING:PhysDesignRules:368 - The signal <flash_address_o<1>_OBUF> is
   incomplete. The signal is not driven by any source pin in the design.
WARNING:PhysDesignRules:368 - The signal <flash_address_o<2>_OBUF> is
   incomplete. The signal is not driven by any source pin in the design.
WARNING:PhysDesignRules:368 - The signal <flash_address_o<3>_OBUF> is
   incomplete. The signal is not driven by any source pin in the design.
WARNING:PhysDesignRules:368 - The signal <flash_address_o<4>_OBUF> is
   incomplete. The signal is not driven by any source pin in the design.
WARNING:PhysDesignRules:368 - The signal <flash_address_o<5>_OBUF> is
   incomplete. The signal is not driven by any source pin in the design.
WARNING:PhysDesignRules:368 - The signal <flash_address_o<6>_OBUF> is
   incomplete. The signal is not driven by any source pin in the design.
WARNING:PhysDesignRules:368 - The signal <flash_address_o<7>_OBUF> is
   incomplete. The signal is not driven by any source pin in the design.
WARNING:PhysDesignRules:368 - The signal <flash_address_o<8>_OBUF> is
   incomplete. The signal is not driven by any source pin in the design.
WARNING:PhysDesignRules:368 - The signal <flash_address_o<9>_OBUF> is
   incomplete. The signal is not driven by any source pin in the design.
WARNING:PhysDesignRules:368 - The signal <eprom_reset_b_o_OBUF> is incomplete.
   The signal is not driven by any source pin in the design.
WARNING:PhysDesignRules:368 - The signal <flash_address_o<10>_OBUF> is
   incomplete. The signal is not driven by any source pin in the design.
WARNING:PhysDesignRules:368 - The signal <flash_address_o<11>_OBUF> is
   incomplete. The signal is not driven by any source pin in the design.
WARNING:PhysDesignRules:368 - The signal <flash_address_o<12>_OBUF> is
   incomplete. The signal is not driven by any source pin in the design.
WARNING:PhysDesignRules:368 - The signal <flash_address_o<20>_OBUF> is
   incomplete. The signal is not driven by any source pin in the design.
WARNING:PhysDesignRules:368 - The signal <flash_address_o<13>_OBUF> is
   incomplete. The signal is not driven by any source pin in the design.
WARNING:PhysDesignRules:368 - The signal <flash_address_o<21>_OBUF> is
   incomplete. The signal is not driven by any source pin in the design.
WARNING:PhysDesignRules:368 - The signal <flash_address_o<14>_OBUF> is
   incomplete. The signal is not driven by any source pin in the design.
WARNING:PhysDesignRules:368 - The signal <flash_address_o<22>_OBUF> is
   incomplete. The signal is not driven by any source pin in the design.
WARNING:PhysDesignRules:368 - The signal <flash_address_o<15>_OBUF> is
   incomplete. The signal is not driven by any source pin in the design.
WARNING:PhysDesignRules:368 - The signal <flash_address_o<16>_OBUF> is
   incomplete. The signal is not driven by any source pin in the design.
WARNING:PhysDesignRules:368 - The signal <flash_address_o<17>_OBUF> is
   incomplete. The signal is not driven by any source pin in the design.
WARNING:PhysDesignRules:368 - The signal <flash_address_o<18>_OBUF> is
   incomplete. The signal is not driven by any source pin in the design.
WARNING:PhysDesignRules:368 - The signal <flash_address_o<19>_OBUF> is
   incomplete. The signal is not driven by any source pin in the design.
WARNING:PhysDesignRules:368 - The signal <adc_chip_select_o_OBUF> is incomplete.
   The signal is not driven by any source pin in the design.
WARNING:PhysDesignRules:368 - The signal <adc_dout_o_OBUF> is incomplete. The
   signal is not driven by any source pin in the design.
WARNING:PhysDesignRules:368 - The signal <flash_latch_enable_b_o_OBUF> is
   incomplete. The signal is not driven by any source pin in the design.
WARNING:PhysDesignRules:368 - The signal <cdce_le_o_OBUF> is incomplete. The
   signal is not driven by any source pin in the design.
WARNING:PhysDesignRules:368 - The signal <flash_chip_enable_b_o_OBUF> is
   incomplete. The signal is not driven by any source pin in the design.
WARNING:PhysDesignRules:368 - The signal <cdce_aux_o_OBUF> is incomplete. The
   signal is not driven by any source pin in the design.
WARNING:PhysDesignRules:368 - The signal <cdce_ref_o_OBUF> is incomplete. The
   signal is not driven by any source pin in the design.
WARNING:PhysDesignRules:368 - The signal <cdce_sck_o_OBUF> is incomplete. The
   signal is not driven by any source pin in the design.
WARNING:PhysDesignRules:368 - The signal <cdce_pwrdown_o_OBUF> is incomplete.
   The signal is not driven by any source pin in the design.
WARNING:PhysDesignRules:368 - The signal <temp_clk_o_OBUF> is incomplete. The
   signal is not driven by any source pin in the design.
WARNING:PhysDesignRules:368 - The signal <flash_write_enable_b_o_OBUF> is
   incomplete. The signal is not driven by any source pin in the design.
WARNING:PhysDesignRules:368 - The signal <cdce_mosi_o_OBUF> is incomplete. The
   signal is not driven by any source pin in the design.
WARNING:PhysDesignRules:368 - The signal <multiboot_rs_o<0>_OBUF> is incomplete.
   The signal is not driven by any source pin in the design.
WARNING:PhysDesignRules:368 - The signal <multiboot_rs_o<1>_OBUF> is incomplete.
   The signal is not driven by any source pin in the design.
WARNING:PhysDesignRules:368 - The signal <cdce_sync_o_OBUF> is incomplete. The
   signal is not driven by any source pin in the design.
WARNING:PhysDesignRules:368 - The signal <qpll_reset_o_OBUF> is incomplete. The
   signal is not driven by any source pin in the design.
WARNING:PhysDesignRules:368 - The signal <flash_out_enable_b_o_OBUF> is
   incomplete. The signal is not driven by any source pin in the design.
WARNING:PhysDesignRules:368 - The signal <eprom_chip_enable_b_o_OBUF> is
   incomplete. The signal is not driven by any source pin in the design.
WARNING:PhysDesignRules:368 - The signal <cdce_pri_n_o_OBUF> is incomplete. The
   signal is not driven by any source pin in the design.
WARNING:PhysDesignRules:368 - The signal <cdce_pri_p_o_OBUF> is incomplete. The
   signal is not driven by any source pin in the design.
WARNING:PhysDesignRules:368 - The signal <qpll_ref_40MHz_o_OBUF> is incomplete.
   The signal is not driven by any source pin in the design.

Design Summary
--------------

Design Summary:
Number of errors:      0
Number of warnings:  322
Slice Logic Utilization:
  Number of Slice Registers:                     0 out of 160,000    0%
  Number of Slice LUTs:                          0 out of  80,000    0%

Slice Logic Distribution:
  Number of occupied Slices:                     0 out of  20,000    0%
  Number of LUT Flip Flop pairs used:            0

IO Utilization:
  Number of bonded IOBs:                       308 out of     600   51%
    Number of LOCed IOBs:                      308 out of     308  100%
    IOB Flip Flops:                              3
    IOB Master Pads:                             6
    IOB Slave Pads:                              6

Specific Feature Utilization:
  Number of RAMB36E1/FIFO36E1s:                  0 out of     264    0%
  Number of RAMB18E1/FIFO18E1s:                  0 out of     528    0%
  Number of BUFG/BUFGCTRLs:                      0 out of      32    0%
  Number of ILOGICE1/ISERDESE1s:                 0 out of     600    0%
  Number of OLOGICE1/OSERDESE1s:                 3 out of     600    1%
    Number used as OLOGICE1s:                    3
    Number used as OSERDESE1s:                   0
  Number of BSCANs:                              0 out of       4    0%
  Number of BUFHCEs:                             0 out of     120    0%
  Number of BUFIODQSs:                           0 out of      60    0%
  Number of BUFRs:                               0 out of      30    0%
  Number of CAPTUREs:                            0 out of       1    0%
  Number of DSP48E1s:                            0 out of     480    0%
  Number of EFUSE_USRs:                          0 out of       1    0%
  Number of FRAME_ECCs:                          0 out of       1    0%
  Number of GTXE1s:                              0 out of      20    0%
  Number of IBUFDS_GTXE1s:                       0 out of      10    0%
  Number of ICAPs:                               0 out of       2    0%
  Number of IDELAYCTRLs:                         0 out of      15    0%
  Number of IODELAYE1s:                          0 out of     600    0%
  Number of MMCM_ADVs:                           0 out of      10    0%
  Number of PCIE_2_0s:                           0 out of       2    0%
  Number of STARTUPs:                            1 out of       1  100%
  Number of SYSMONs:                             0 out of       1    0%
  Number of TEMAC_SINGLEs:                       0 out of       4    0%

Average Fanout of Non-Clock Nets:                0.20

Peak Memory Usage:  587 MB
Total REAL time to MAP completion:  31 secs 
Total CPU time to MAP completion:   31 secs 

Mapping completed.
See MAP report file "optohybrid_top_map.mrp" for details.
